---
source: montage_client/src/start.rs
expression: operation.query
---
mutation StartMutation($description: String!, $kind: Kind!, $duration: Duration) {
  start(description: $description, kind: $kind, duration: $duration) {
    projectedEndTime
    duration
    description
  }
}


