---
source: montage_client/src/extend_to.rs
expression: operation.query
---
mutation ExtendToMutation($target: DateTime!) {
  extendTo(target: $target) {
    projectedEndTime
    description
  }
}


