---
source: src/client/current_session.rs
expression: operation.query
---
query CurrentSessionQuery {
  currentSession {
    description
    duration
    endTime
    kind
    projectedEndTime
    remainingTime
    startTime
  }
}


